// Jest Snapshot v1, https://goo.gl/fbAQLP

exports[`App renders correctly 1`] = `
<div
  className="App"
>
  <h1>
    Gift Giver
  </h1>
  <p>
    Forever keeping track of your gift list and making sure you don't forget your loved ones
  </p>
  <div
    className="gift-list"
  />
  <button
    className="btn-add btn btn-primary"
    disabled={false}
    onClick={[Function]}
    type="button"
  >
    Add Gift
  </button>
</div>
`;
